[2026-08-26T18:13:35+05:00] Created pre_update backup ShahkotPK_20260826_181335_pre_update_v2.5.0_b06a75a5.zip for v2.5.0
[2026-08-26T18:13:35+05:00] Update 2.6.0 installed from update_0d444206a4d47222.zip
[2026-08-26T18:23:14+05:00] Created pre_update backup ShahkotPK_20260826_182314_pre_update_v2.6.0_ce194164.zip for v2.6.0
[2026-08-26T18:23:15+05:00] Update 2.7.0 installed from update_36654a07e670d202.zip
[2026-08-26T18:43:59+05:00] Created pre_update backup ShahkotPK_20260826_184359_pre_update_v2.7.0_218a43d4.zip for v2.7.0
[2026-08-26T18:44:00+05:00] Update 2.8.0 installed from update_3c2c6918109a0f82.zip
[2026-08-26T18:44:39+05:00] Created manual_full backup ShahkotPK_20260826_184439_manual_full_v2.8.0_8a6a40f2.zip for v2.8.0
[2026-08-26T18:53:17+05:00] Created pre_update backup ShahkotPK_20260826_185317_pre_update_v2.8.0_f227d232.zip for v2.8.0
[2026-08-26T18:53:17+05:00] Update 2.8.1 installed from update_024f1ac8ed0872ce.zip
[2026-08-26T19:33:26+05:00] Created pre_update backup ShahkotPK_20260826_193325_pre_update_v2.8.1_384a2e90.zip for v2.8.1
[2026-08-26T19:33:26+05:00] Update 2.9.0 installed from update_80b312991137caa2.zip
[2026-08-26T21:26:46+05:00] Created pre_update backup ShahkotPK_20260826_212646_pre_update_v2.9.0_577bb117.zip for v2.9.0
[2026-08-26T21:26:46+05:00] Update 2.9.1 installed from update_d4a00053f8eefdc1.zip
[2026-08-26T21:54:44+05:00] Created pre_update backup ShahkotPK_20260826_215444_pre_update_v2.9.1_eab838b5.zip for v2.9.1
[2026-08-26T21:54:44+05:00] Update 3.0.1 installed from update_7caf9cc2625deebc.zip
[2026-08-26T22:07:05+05:00] Created pre_update backup ShahkotPK_20260826_220705_pre_update_v3.0.1_ba6d781b.zip for v3.0.1
[2026-08-26T22:07:05+05:00] Update 3.1.0 installed from update_5f3797fe4258fe5f.zip
[2026-08-26T22:15:14+05:00] Created pre_update backup ShahkotPK_20260826_221514_pre_update_v3.1.0_f854214d.zip for v3.1.0
[2026-08-26T22:15:14+05:00] Update 3.1.1 installed from update_3236fb49e80645ad.zip
[2026-08-26T22:23:26+05:00] Created pre_update backup ShahkotPK_20260826_222326_pre_update_v3.1.1_bf1606ed.zip for v3.1.1
[2026-08-26T22:23:27+05:00] Update 3.2.0 installed from update_03da8f6bb00bae66.zip
[2026-08-26T22:43:54+05:00] Created pre_update backup ShahkotPK_20260826_224354_pre_update_v3.2.0_3db489e9.zip for v3.2.0
[2026-08-26T22:43:56+05:00] Update 3.3.0 installed from update_17c97246d1bb9487.zip
[2026-08-26T23:24:49+05:00] Created pre_update backup ShahkotPK_20260826_232448_pre_update_v3.3.0_73288875.zip for v3.3.0
[2026-08-26T23:24:50+05:00] Update 3.4.0 installed from update_704a36cd9a40c37b.zip
[2026-08-26T23:45:47+05:00] Created manual_system backup ShahkotPK_20260826_234546_manual_system_v3.4.0_3add9a63.zip for v3.4.0
[2026-08-26T23:45:59+05:00] Created manual_full backup ShahkotPK_20260826_234558_manual_full_v3.4.0_0be46c83.zip for v3.4.0
[2026-08-27T00:21:33+05:00] Created pre_update backup ShahkotPK_20260827_002133_pre_update_v3.4.0_93633a3a.zip for v3.4.0
[2026-08-27T00:21:33+05:00] Update 3.4.1 installed from update_fbd12c95d2a68e58.zip
[2026-08-27T00:27:16+05:00] Created pre_update backup ShahkotPK_20260827_002716_pre_update_v3.4.1_9c01352a.zip for v3.4.1
[2026-08-27T00:27:16+05:00] Update 3.4.3 installed from update_32164caaadf6b39e.zip
[2026-08-27T00:33:10+05:00] Created manual_full backup ShahkotPK_20260827_003308_manual_full_v3.4.3_011783f5.zip for v3.4.3
[2026-08-27T00:48:17+05:00] Created pre_update backup ShahkotPK_20260827_004817_pre_update_v3.4.3_4eea3b6f.zip for v3.4.3
[2026-08-27T00:48:19+05:00] Update 3.5.0 installed from update_34f16bb1b0caddbf.zip
[2026-08-27T01:30:59+05:00] Created pre_update backup ShahkotPK_20260827_013058_pre_update_v3.5.0_b557f7a4.zip for v3.5.0
[2026-08-27T01:31:00+05:00] Update 3.6.0 installed from update_3b8cb83c5e4639b1.zip
[2026-08-27T01:41:36+05:00] Created pre_update backup ShahkotPK_20260827_014136_pre_update_v3.6.0_8c2b7bae.zip for v3.6.0
[2026-08-27T01:41:36+05:00] Update 3.6.1 installed from update_468cef7cf8ddae4d.zip
[2026-08-27T01:49:28+05:00] Created pre_update backup ShahkotPK_20260827_014928_pre_update_v3.6.1_189db7ae.zip for v3.6.1
[2026-08-27T01:49:28+05:00] Update 3.6.2 installed from update_6e6888f7403c635a.zip
[2026-08-27T01:56:32+05:00] Created pre_update backup ShahkotPK_20260827_015632_pre_update_v3.6.2_337914e3.zip for v3.6.2
[2026-08-27T01:56:32+05:00] Update 3.6.3 installed from update_982330ce71515c84.zip
[2026-08-27T02:03:08+05:00] Created pre_update backup ShahkotPK_20260827_020308_pre_update_v3.6.3_bddd2749.zip for v3.6.3
[2026-08-27T02:03:08+05:00] Update 3.6.4 installed from update_9eb547c55949164e.zip
[2026-08-27T02:19:32+05:00] Created pre_update backup ShahkotPK_20260827_021932_pre_update_v3.6.4_9b7519b3.zip for v3.6.4
[2026-08-27T02:19:33+05:00] Update 4.0.0 installed from update_fbe9c9ff4b4ad33d.zip
[2026-08-27T02:30:37+05:00] Created pre_update backup ShahkotPK_20260827_023037_pre_update_v4.0.0_5d22df11.zip for v4.0.0
[2026-08-27T02:30:37+05:00] Update 4.0.1 installed from update_e320d17aa212ae99.zip
[2026-08-27T02:37:28+05:00] Created pre_update backup ShahkotPK_20260827_023728_pre_update_v4.0.1_26594987.zip for v4.0.1
[2026-08-27T02:37:29+05:00] Update 4.0.2 installed from update_0ee4632a7aeb0ae9.zip
[2026-08-27T02:43:08+05:00] Created pre_update backup ShahkotPK_20260827_024308_pre_update_v4.0.2_1de5c020.zip for v4.0.2
[2026-08-27T02:43:08+05:00] Update 4.0.3 installed from update_2c8bee0cada0220e.zip
[2026-08-27T02:47:46+05:00] Created pre_update backup ShahkotPK_20260827_024745_pre_update_v4.0.3_b96818a9.zip for v4.0.3
[2026-08-27T02:47:46+05:00] Update 4.0.4 installed from update_d0542b9d554efb5b.zip
[2026-08-27T16:41:53+05:00] Created pre_update backup ShahkotPK_20260827_164152_pre_update_v4.0.4_cf5e4278.zip for v4.0.4
[2026-08-27T16:41:54+05:00] Update 4.1.0 installed from update_1595babacec00fcd.zip
[2026-08-27T17:24:54+05:00] Created pre_update backup ShahkotPK_20260827_172453_pre_update_v4.1.0_9297ded3.zip for v4.1.0
[2026-08-27T17:24:54+05:00] Update 4.2.0 installed from update_e6bbbffe569d4ccb.zip
[2026-08-27T17:41:43+05:00] Created pre_update backup ShahkotPK_20260827_174142_pre_update_v4.2.0_700f00d9.zip for v4.2.0
[2026-08-27T17:41:43+05:00] Update 4.3.0 installed from update_072459c200c39d61.zip
[2026-08-27T17:49:09+05:00] Created pre_update backup ShahkotPK_20260827_174908_pre_update_v4.3.0_39928e8b.zip for v4.3.0
[2026-08-27T17:49:09+05:00] Update 4.3.1 installed from update_05a8c0bab4ad962b.zip
[2026-08-27T20:03:34+05:00] Created pre_update backup ShahkotPK_20260827_200333_pre_update_v4.3.1_6ad3a597.zip for v4.3.1
[2026-08-27T20:03:35+05:00] Update 5.0.0 installed from update_3ebb11c10c2c438b.zip
[2026-08-27T20:43:57+05:00] Created pre_update backup ShahkotPK_20260827_204357_pre_update_v5.0.0_27d084d3.zip for v5.0.0
[2026-08-27T20:43:57+05:00] Update 5.1.0 installed from update_6d9609c58af6f928.zip
[2026-08-27T20:53:57+05:00] Created pre_update backup ShahkotPK_20260827_205357_pre_update_v5.1.0_d3ecc789.zip for v5.1.0
[2026-08-27T20:53:57+05:00] Update 5.1.1 installed from update_07f4ce9988e83e4f.zip
[2026-08-27T21:43:52+05:00] Created pre_update backup ShahkotPK_20260827_214351_pre_update_v5.1.1_22721eec.zip for v5.1.1
[2026-08-27T21:43:53+05:00] Update 5.2.0 installed from update_2408f48ac06a352b.zip
[2026-08-27T22:43:47+05:00] Created pre_update backup ShahkotPK_20260827_224346_pre_update_v5.2.0_08cb1423.zip for v5.2.0
[2026-08-27T22:43:47+05:00] Update 5.3.0 installed from update_1893a81db4e75334.zip
[2026-08-27T23:19:29+05:00] Created pre_update backup ShahkotPK_20260827_231927_pre_update_v5.3.0_f8d01368.zip for v5.3.0
[2026-08-27T23:19:30+05:00] Update 5.4.0 installed from update_eea7f3e9de2f2534.zip
[2026-08-27T23:38:42+05:00] Created pre_update backup ShahkotPK_20260827_233841_pre_update_v5.4.0_fc82fb02.zip for v5.4.0
[2026-08-27T23:38:42+05:00] Update 5.4.1 installed from update_fd397db4df498ea4.zip
[2026-08-27T23:46:25+05:00] Created pre_update backup ShahkotPK_20260827_234624_pre_update_v5.4.1_130ae0ab.zip for v5.4.1
[2026-08-27T23:46:25+05:00] Update 5.4.2 installed from update_853e93eccd019c10.zip
[2026-08-28T00:13:22+05:00] Created pre_update backup ShahkotPK_20260828_001320_pre_update_v5.4.2_f7a9bf9c.zip for v5.4.2
[2026-08-28T00:13:23+05:00] Update 5.4.3 installed from update_8d94bd8a2be3a00c.zip
[2026-08-28T00:36:18+05:00] Created pre_update backup ShahkotPK_20260828_003615_pre_update_v5.4.3_d6612658.zip for v5.4.3
[2026-08-28T00:36:18+05:00] Update 5.4.4 installed from update_8190b06ec3b91ba2.zip
[2026-08-28T01:11:19+05:00] Created pre_update backup ShahkotPK_20260828_011117_pre_update_v5.4.4_01f45b13.zip for v5.4.4
[2026-08-28T01:11:19+05:00] Update 5.4.5 installed from update_13019a061c331b64.zip
[2026-08-28T01:52:18+05:00] Created pre_update backup ShahkotPK_20260828_015216_pre_update_v5.4.5_a48bc792.zip for v5.4.5
[2026-08-28T02:06:51+05:00] Created pre_update backup ShahkotPK_20260828_020649_pre_update_v5.4.5_ca474c6c.zip for v5.4.5
[2026-08-28T02:06:52+05:00] Update 5.5.1 installed from update_107f31683575fd8e.zip
[2026-08-28T02:17:02+05:00] Created pre_update backup ShahkotPK_20260828_021700_pre_update_v5.5.1_865a7c18.zip for v5.5.1
[2026-08-28T02:17:03+05:00] Update 5.5.2 installed from update_22d2e170c51adf08.zip
[2026-08-28T02:45:00+05:00] Created pre_update backup ShahkotPK_20260828_024458_pre_update_v5.5.2_c77fcc15.zip for v5.5.2
[2026-08-28T02:45:01+05:00] Update 5.6.0 installed from update_fac4726b2bc97b28.zip
[2026-08-28T03:18:34+05:00] Created pre_update backup ShahkotPK_20260828_031832_pre_update_v5.6.0_3236c5ee.zip for v5.6.0
[2026-08-28T03:18:35+05:00] Update 5.7.0 installed from update_ad5228b56ba3cf4f.zip
[2026-08-28T12:38:32+05:00] Created pre_update backup ShahkotPK_20260828_123829_pre_update_v5.7.0_065200e1.zip for v5.7.0
[2026-08-28T12:38:33+05:00] Update 5.8.0 installed from update_e0e4606daf19f272.zip
[2026-08-28T12:47:50+05:00] Created pre_update backup ShahkotPK_20260828_124747_pre_update_v5.8.0_a2690ffc.zip for v5.8.0
[2026-08-28T12:47:50+05:00] Update 5.8.1 installed from update_6221800a42894cd5.zip
[2026-08-28T12:55:46+05:00] Created manual_full backup ShahkotPK_20260828_125542_manual_full_v5.8.1_ffd7d352.zip for v5.8.1
[2026-08-28T13:01:17+05:00] Created pre_update backup ShahkotPK_20260828_130113_pre_update_v5.8.1_f5503a9c.zip for v5.8.1
[2026-08-28T13:01:18+05:00] Update 5.8.2 installed from update_2f2ffa578b987710.zip
[2026-08-28T13:07:21+05:00] Created pre_update backup ShahkotPK_20260828_130718_pre_update_v5.8.2_a42aa0ee.zip for v5.8.2
[2026-08-28T13:07:21+05:00] Update 5.8.3 installed from update_4aa5f336301f4a76.zip
[2026-08-28T14:14:48+05:00] Created pre_update backup ShahkotPK_20260828_141445_pre_update_v5.8.3_ef79e600.zip for v5.8.3
[2026-08-28T14:14:49+05:00] Update 5.9.0 installed from update_e014b9105bf584ef.zip
[2026-08-28T14:30:53+05:00] Created pre_update backup ShahkotPK_20260828_143050_pre_update_v5.9.0_2c630d82.zip for v5.9.0
[2026-08-28T14:30:54+05:00] Update 6.3.0 installed from update_d6ccc9e76b345a2d.zip
[2026-08-28T14:50:23+05:00] Created pre_update backup ShahkotPK_20260828_145020_pre_update_v6.3.0_c5aed26a.zip for v6.3.0
[2026-08-28T14:50:23+05:00] Update 6.3.1 installed from update_8663dc62d9e8aa83.zip
[2026-08-28T14:58:10+05:00] Created pre_update backup ShahkotPK_20260828_145807_pre_update_v6.3.1_96c6a0f2.zip for v6.3.1
[2026-08-28T14:58:10+05:00] Update 6.3.2 installed from update_044ee4dd87217f44.zip
[2026-08-28T15:02:38+05:00] Created pre_update backup ShahkotPK_20260828_150236_pre_update_v6.3.2_7d881dc8.zip for v6.3.2
[2026-08-28T15:02:39+05:00] Update 6.3.3 installed from update_b061e3c9e23cd2cb.zip
[2026-08-28T15:17:04+05:00] Created pre_update backup ShahkotPK_20260828_151701_pre_update_v6.3.3_d4d5b0d5.zip for v6.3.3
[2026-08-28T15:17:04+05:00] Update 6.3.4 installed from update_bc8acfa251db881d.zip
[2026-08-28T15:45:56+05:00] Created pre_update backup ShahkotPK_20260828_154553_pre_update_v6.3.4_972fa05c.zip for v6.3.4
[2026-08-28T15:45:58+05:00] Update 7.0.0 installed from update_27f7b4d61088bc08.zip
[2026-08-28T15:57:04+05:00] Created pre_update backup ShahkotPK_20260828_155700_pre_update_v7.0.0_fc6a58da.zip for v7.0.0
[2026-08-28T15:57:04+05:00] Update 7.0.1 installed from update_f5f1addd161bf489.zip
[2026-08-28T16:10:29+05:00] Created pre_update backup ShahkotPK_20260828_161025_pre_update_v7.0.1_22914bdb.zip for v7.0.1
[2026-08-28T16:10:29+05:00] Update 7.0.2 installed from update_df847e4769d47752.zip
[2026-08-28T16:29:55+05:00] Created pre_update backup ShahkotPK_20260828_162952_pre_update_v7.0.2_37b07252.zip for v7.0.2
[2026-08-28T16:29:55+05:00] Update 7.0.3 installed from update_93a2afa4c2237c2d.zip
[2026-08-28T16:39:31+05:00] Created pre_update backup ShahkotPK_20260828_163927_pre_update_v7.0.3_6a171657.zip for v7.0.3
[2026-08-28T16:39:31+05:00] Update 7.0.4 installed from update_02e15f7a3ab5c07c.zip
[2026-08-28T16:50:33+05:00] Created pre_update backup ShahkotPK_20260828_165029_pre_update_v7.0.4_48146d8f.zip for v7.0.4
[2026-08-28T16:50:33+05:00] Update 7.0.5 installed from update_f60aeba8b6513cc6.zip
[2026-08-28T17:31:43+05:00] Created pre_update backup ShahkotPK_20260828_173140_pre_update_v7.0.5_edf87af7.zip for v7.0.5
[2026-08-28T17:31:43+05:00] Update 7.0.6 installed from update_28454fdae650f9e6.zip
[2026-08-28T17:32:06+05:00] Created pre_update backup ShahkotPK_20260828_173203_pre_update_v7.0.6_4fe9912e.zip for v7.0.6
[2026-08-28T17:32:07+05:00] Update 7.1.0 installed from update_0a4ad522b6157cd6.zip
[2026-08-28T17:50:48+05:00] Created pre_update backup ShahkotPK_20260828_175045_pre_update_v7.1.0_b2e76ffe.zip for v7.1.0
[2026-08-28T17:50:49+05:00] Update 8.0.0 installed from update_46bf65f348fc5bc9.zip
[2026-08-28T18:36:24+05:00] Created pre_update backup ShahkotPK_20260828_183621_pre_update_v8.0.0_55b90e4e.zip for v8.0.0
[2026-08-28T18:36:27+05:00] Update 9.0.0 installed from update_99a0eb3972ea3e5a.zip
[2026-08-28T20:12:35+05:00] Created pre_update backup ShahkotPK_20260828_201231_pre_update_v9.0.0_ef670c24.zip for v9.0.0
[2026-08-28T20:12:36+05:00] Update 9.1.0 installed from update_fbb1e51ab0ae45be.zip
[2026-08-28T20:34:01+05:00] Created pre_update backup ShahkotPK_20260828_203356_pre_update_v9.1.0_2b110de7.zip for v9.1.0
[2026-08-28T20:34:01+05:00] Update 9.1.1 installed from update_91a819e84ba89a10.zip
[2026-08-28T20:48:44+05:00] Created pre_update backup ShahkotPK_20260828_204839_pre_update_v9.1.1_985f6511.zip for v9.1.1
[2026-08-28T20:48:50+05:00] Update 9.1.3 installed from update_a727abb610381553.zip
[2026-08-28T21:15:39+05:00] Created pre_update backup ShahkotPK_20260828_211529_pre_update_v9.1.3_1daa42cf.zip for v9.1.3
[2026-08-28T21:15:46+05:00] Update 9.2.0 installed from update_ebfdad299942e502.zip
[2026-08-28T21:36:53+05:00] Created pre_update backup ShahkotPK_20260828_213641_pre_update_v9.2.0_290f9054.zip for v9.2.0
[2026-08-28T21:37:00+05:00] Update 9.3.0 installed from update_6cfe9b1aa485a480.zip
[2026-08-28T21:44:13+05:00] Created pre_update backup ShahkotPK_20260828_214401_pre_update_v9.3.0_0fed2219.zip for v9.3.0
[2026-08-28T21:44:14+05:00] Update 9.3.1 installed from update_10c30c0ce36e0b04.zip
[2026-08-28T21:44:27+05:00] Created manual_system backup ShahkotPK_20260828_214421_manual_system_v9.3.1_6b1a3423.zip for v9.3.1
[2026-08-28T21:56:05+05:00] Created pre_update backup ShahkotPK_20260828_215558_pre_update_v9.3.1_0fae91f3.zip for v9.3.1
[2026-08-28T21:56:07+05:00] Update 9.4.0 installed from update_1b8f275e3359ebbd.zip
[2026-08-28T22:00:50+05:00] Created pre_update backup ShahkotPK_20260828_220044_pre_update_v9.4.0_c1cd5567.zip for v9.4.0
[2026-08-28T22:00:50+05:00] Update 9.5.0 installed from update_b12fcba39f6cf258.zip
[2026-08-28T22:20:35+05:00] Created pre_update backup ShahkotPK_20260828_222029_pre_update_v9.5.0_12019d46.zip for v9.5.0
[2026-08-28T22:20:35+05:00] Update 9.6.0 installed from update_6b16fa551888ba44.zip
[2026-08-28T22:29:03+05:00] Created pre_update backup ShahkotPK_20260828_222857_pre_update_v9.6.0_e3087b18.zip for v9.6.0
[2026-08-28T22:29:03+05:00] Update 9.7.0 installed from update_7cc00a8fd1b591b3.zip
[2026-08-28T22:35:37+05:00] Created pre_update backup ShahkotPK_20260828_223531_pre_update_v9.7.0_360a6711.zip for v9.7.0
[2026-08-28T22:35:37+05:00] Update 9.7.1 installed from update_48438d3e2c720891.zip
[2026-08-28T22:41:51+05:00] Created pre_update backup ShahkotPK_20260828_224145_pre_update_v9.7.1_c3fb229f.zip for v9.7.1
[2026-08-28T22:41:51+05:00] Update 9.7.2 installed from update_dc8c024fa402871c.zip
[2026-08-28T22:43:12+05:00] Created pre_update backup ShahkotPK_20260828_224306_pre_update_v9.7.2_fd9e88c4.zip for v9.7.2
[2026-08-28T22:43:13+05:00] Update 9.7.3 installed from update_db3871b74414417f.zip
[2026-08-28T22:51:26+05:00] Created pre_update backup ShahkotPK_20260828_225120_pre_update_v9.7.3_6a8f58d3.zip for v9.7.3
[2026-08-28T22:51:27+05:00] Update 9.7.4 installed from update_26db22ba76cf4a91.zip
[2026-08-28T22:56:18+05:00] Created pre_update backup ShahkotPK_20260828_225612_pre_update_v9.7.4_d99b2dad.zip for v9.7.4
[2026-08-28T22:56:18+05:00] Update 9.7.5 installed from update_cdb43bfc8195ca1b.zip
[2026-08-28T23:06:47+05:00] Created pre_update backup ShahkotPK_20260828_230641_pre_update_v9.7.5_6509def4.zip for v9.7.5
[2026-08-28T23:06:47+05:00] Update 9.8.0 installed from update_6f9c9ffcd2098f3b.zip
[2026-08-28T23:17:32+05:00] Created pre_update backup ShahkotPK_20260828_231727_pre_update_v9.8.0_3275e794.zip for v9.8.0
[2026-08-28T23:17:33+05:00] Update 9.9.0 installed from update_00d45333d6ac7bc2.zip
[2026-08-28T23:26:34+05:00] Created pre_update backup ShahkotPK_20260828_232628_pre_update_v9.9.0_0fcf35fe.zip for v9.9.0
[2026-08-28T23:26:34+05:00] Update 10.0.0 installed from update_ba7214c66062adf5.zip
[2026-08-28T23:35:23+05:00] Created pre_update backup ShahkotPK_20260828_233517_pre_update_v10.0.0_c43f2ccf.zip for v10.0.0
[2026-08-28T23:35:23+05:00] Update 10.1.0 installed from update_0ac7d09fdcb219dc.zip
[2026-08-29T00:02:03+05:00] Created pre_update backup ShahkotPK_20260829_000157_pre_update_v10.1.0_3c023ebe.zip for v10.1.0
[2026-08-29T00:02:04+05:00] Update 10.2.0 installed from update_6dd3cfdfc188f156.zip
[2026-08-29T00:05:36+05:00] Created pre_update backup ShahkotPK_20260829_000530_pre_update_v10.2.0_34700800.zip for v10.2.0
[2026-08-29T00:05:36+05:00] Update 10.2.1 installed from update_7dd10cf8b3c4b3cf.zip
[2026-08-29T00:19:11+05:00] Created pre_update backup ShahkotPK_20260829_001905_pre_update_v10.2.1_487428b3.zip for v10.2.1
[2026-08-29T00:19:11+05:00] Update 10.2.2 installed from update_01a2eda24cdeaf0c.zip
[2026-08-29T00:33:03+05:00] Created pre_update backup ShahkotPK_20260829_003257_pre_update_v10.2.2_98bcdcbd.zip for v10.2.2
[2026-08-29T00:33:03+05:00] Update 10.3.0 installed from update_defdad9948c49f4f.zip
[2026-08-29T00:41:10+05:00] Created pre_update backup ShahkotPK_20260829_004104_pre_update_v10.3.0_cd750ba8.zip for v10.3.0
[2026-08-29T00:41:11+05:00] Update 10.4.0 installed from update_9164d7831351a3e9.zip
[2026-08-29T00:59:14+05:00] Created pre_update backup ShahkotPK_20260829_005907_pre_update_v10.4.0_ff935bb1.zip for v10.4.0
[2026-08-29T00:59:14+05:00] Update 10.5.0 installed from update_b279233cfce453ab.zip
[2026-08-29T01:11:26+05:00] Created pre_update backup ShahkotPK_20260829_011120_pre_update_v10.5.0_c10bf92c.zip for v10.5.0
[2026-08-29T01:11:26+05:00] Update 10.5.1 installed from update_e5764fa257a34ef6.zip
[2026-08-29T01:32:29+05:00] Created manual_full backup ShahkotPK_20260829_013207_manual_full_v10.5.1_d1633f9f.zip for v10.5.1
[2026-08-29T01:41:41+05:00] Created pre_update backup ShahkotPK_20260829_014134_pre_update_v10.5.1_e8ee0554.zip for v10.5.1
[2026-08-29T01:41:42+05:00] Update 11.0.0 installed from update_3f0a740b0bc524a3.zip
[2026-08-29T02:09:00+05:00] Created pre_update backup ShahkotPK_20260829_020853_pre_update_v11.0.0_cd54301d.zip for v11.0.0
[2026-08-29T02:09:00+05:00] Update 11.0.1 installed from update_63ba15297847c889.zip
[2026-08-29T02:18:53+05:00] Created pre_update backup ShahkotPK_20260829_021847_pre_update_v11.0.1_1c4c45f7.zip for v11.0.1
[2026-08-29T02:18:53+05:00] Update 11.0.2 installed from update_319272f370a21d8f.zip
[2026-08-29T02:36:13+05:00] Created pre_update backup ShahkotPK_20260829_023606_pre_update_v11.0.2_5a8eaf79.zip for v11.0.2
[2026-08-29T02:36:14+05:00] Update 11.1.0 installed from update_b3df4a24d65b1f53.zip
[2026-08-29T02:41:42+05:00] Created pre_update backup ShahkotPK_20260829_024136_pre_update_v11.1.0_de6733e5.zip for v11.1.0
[2026-08-29T02:41:43+05:00] Update 11.1.1 installed from update_37cc849c6a5825c6.zip
[2026-08-29T02:44:23+05:00] Created pre_update backup ShahkotPK_20260829_024417_pre_update_v11.1.1_c2ba1816.zip for v11.1.1
[2026-08-29T02:44:23+05:00] Update 11.1.2 installed from update_51a2d9a856e4338c.zip
[2026-08-29T02:49:32+05:00] Created pre_update backup ShahkotPK_20260829_024925_pre_update_v11.1.2_570dac80.zip for v11.1.2
[2026-08-29T02:49:32+05:00] Update 11.1.3 installed from update_b183c1e2e559cad1.zip
[2026-08-29T02:50:37+05:00] Created pre_update backup ShahkotPK_20260829_025031_pre_update_v11.1.3_88f1eebd.zip for v11.1.3
[2026-08-29T02:50:37+05:00] Update 11.1.4 installed from update_640da2a62091ce6c.zip
[2026-08-29T02:53:19+05:00] Created pre_update backup ShahkotPK_20260829_025313_pre_update_v11.1.4_6c8a0d69.zip for v11.1.4
[2026-08-29T02:53:19+05:00] Update 11.1.5 installed from update_ef5519605380274e.zip
[2026-08-29T14:49:07+05:00] Created pre_update backup ShahkotPK_20260829_144901_pre_update_v11.1.5_2f4a420d.zip for v11.1.5
[2026-08-29T14:49:07+05:00] Update 11.1.6 installed from update_b03dc21c7f9eba7b.zip
[2026-08-29T14:52:51+05:00] Created pre_update backup ShahkotPK_20260829_145244_pre_update_v11.1.6_bc057c1c.zip for v11.1.6
[2026-08-29T14:52:51+05:00] Update 11.1.7 installed from update_42ce2b7abc5af660.zip
[2026-08-29T18:28:47+05:00] Created pre_update backup ShahkotPK_20260829_182840_pre_update_v11.1.7_6ab2c078.zip for v11.1.7
[2026-08-29T18:28:47+05:00] Update 11.2.0 installed from update_20b98d54a7f7108f.zip
[2026-08-29T18:50:10+05:00] Created pre_update backup ShahkotPK_20260829_185003_pre_update_v11.2.0_02f4b129.zip for v11.2.0
[2026-08-29T18:50:10+05:00] Update 11.3.0 installed from update_9f82f8b7166efc86.zip
[2026-08-29T19:01:16+05:00] Created pre_update backup ShahkotPK_20260829_190109_pre_update_v11.3.0_80a499fa.zip for v11.3.0
[2026-08-29T19:01:16+05:00] Update 11.4.0 installed from update_f743413435d528d2.zip
[2026-08-29T19:04:58+05:00] Created pre_update backup ShahkotPK_20260829_190452_pre_update_v11.4.0_1c19b1e5.zip for v11.4.0
[2026-08-29T19:04:59+05:00] Update 11.4.1 installed from update_1f076f42bee2cd59.zip
[2026-08-29T19:09:05+05:00] Created pre_update backup ShahkotPK_20260829_190858_pre_update_v11.4.1_6b26f8b4.zip for v11.4.1
[2026-08-29T19:09:05+05:00] Update 11.4.2 installed from update_67d0d43a1d3beac9.zip
[2026-08-29T19:18:17+05:00] Created pre_update backup ShahkotPK_20260829_191810_pre_update_v11.4.2_9ffe746f.zip for v11.4.2
[2026-08-29T19:18:17+05:00] Update 11.5.0 installed from update_a5c41a8bb70ecdbf.zip
[2026-08-29T19:42:51+05:00] Created pre_update backup ShahkotPK_20260829_194244_pre_update_v11.5.0_bf38797a.zip for v11.5.0
[2026-08-29T19:42:51+05:00] Update 11.6.0 installed from update_2e3fd57abc9244d8.zip
[2026-08-29T19:48:57+05:00] Created pre_update backup ShahkotPK_20260829_194850_pre_update_v11.6.0_53e46030.zip for v11.6.0
[2026-08-29T19:48:58+05:00] Update 11.7.0 installed from update_be46be3f85c1bd2c.zip
[2026-08-29T21:15:03+05:00] Created pre_update backup ShahkotPK_20260829_211456_pre_update_v11.7.0_215372cc.zip for v11.7.0
[2026-08-29T21:15:03+05:00] Update 11.8.0 installed from update_01235b2be07bfbbb.zip
[2026-08-29T21:23:55+05:00] Created pre_update backup ShahkotPK_20260829_212348_pre_update_v11.8.0_0f08f769.zip for v11.8.0
[2026-08-29T21:23:55+05:00] Update 12.0.0 installed from update_5691495acaf842cb.zip
[2026-08-29T21:48:01+05:00] Created pre_update backup ShahkotPK_20260829_214754_pre_update_v12.0.0_559b3753.zip for v12.0.0
[2026-08-29T21:48:03+05:00] Update 12.3.0 installed from update_ba6c330534b76127.zip
[2026-08-29T22:07:10+05:00] Created pre_update backup ShahkotPK_20260829_220703_pre_update_v12.3.0_65a8cd7b.zip for v12.3.0
[2026-08-29T22:07:11+05:00] Update 12.4.0 installed from update_9692197bf9b04bb3.zip
[2026-08-29T22:09:40+05:00] Created pre_update backup ShahkotPK_20260829_220933_pre_update_v12.4.0_3825674e.zip for v12.4.0
[2026-08-29T22:09:40+05:00] Update 12.4.1 installed from update_b937bcac2cc86048.zip
[2026-08-29T22:16:40+05:00] Created pre_update backup ShahkotPK_20260829_221633_pre_update_v12.4.1_cb015b76.zip for v12.4.1
[2026-08-29T22:16:41+05:00] Update 12.4.2 installed from update_271aac6dc87fbb4d.zip
[2026-08-29T22:33:14+05:00] Created pre_update backup ShahkotPK_20260829_223307_pre_update_v12.4.2_0f0b1375.zip for v12.4.2
[2026-08-29T22:33:14+05:00] Update 12.5.1 installed from update_6e78b190f4d494f8.zip
[2026-08-29T22:48:45+05:00] Created pre_update backup ShahkotPK_20260829_224838_pre_update_v12.5.1_6f884f36.zip for v12.5.1
[2026-08-29T22:48:45+05:00] Update 12.6.0 installed from update_35f029cf28582e64.zip
[2026-08-29T23:10:24+05:00] Created pre_update backup ShahkotPK_20260829_231017_pre_update_v12.6.0_2ef81f66.zip for v12.6.0
[2026-08-29T23:10:24+05:00] Update 12.6.1 installed from update_2a49789725b9be7e.zip
[2026-08-30T00:01:28+05:00] Created pre_update backup ShahkotPK_20260830_000121_pre_update_v12.6.1_e36ce285.zip for v12.6.1
[2026-08-30T00:01:28+05:00] Update 12.7.0 installed from update_8bdf0063d3ae60d0.zip
[2026-08-30T00:15:03+05:00] Created pre_update backup ShahkotPK_20260830_001456_pre_update_v12.7.0_71918b07.zip for v12.7.0
[2026-08-30T00:15:03+05:00] Update 12.7.1 installed from update_cd87cf404b021073.zip
[2026-08-30T00:25:23+05:00] Created pre_update backup ShahkotPK_20260830_002516_pre_update_v12.7.1_a087ee57.zip for v12.7.1
[2026-08-30T00:25:23+05:00] Update 12.7.2 installed from update_142f18590e425df5.zip
[2026-08-30T00:32:48+05:00] Created pre_update backup ShahkotPK_20260830_003241_pre_update_v12.7.2_51a4f2ce.zip for v12.7.2
[2026-08-30T00:32:49+05:00] Update 12.7.3 installed from update_132f5ce557309842.zip
[2026-08-30T00:44:38+05:00] Created pre_update backup ShahkotPK_20260830_004430_pre_update_v12.7.3_a05dca2b.zip for v12.7.3
[2026-08-30T00:44:38+05:00] Update 12.7.4 installed from update_5185cbc43a4accb9.zip
[2026-08-30T01:01:30+05:00] Created pre_update backup ShahkotPK_20260830_010123_pre_update_v12.7.4_6ccd0631.zip for v12.7.4
[2026-08-30T01:01:30+05:00] Update 12.7.5 installed from update_e4078c7d02b01988.zip
[2026-08-30T01:16:17+05:00] Created pre_update backup ShahkotPK_20260830_011609_pre_update_v12.7.5_569adf61.zip for v12.7.5
[2026-08-30T01:16:17+05:00] Update 12.7.6 installed from update_d7bc0a60a4d39b24.zip
[2026-08-30T01:38:27+05:00] Created pre_update backup ShahkotPK_20260830_013819_pre_update_v12.7.6_f2e9e805.zip for v12.7.6
[2026-08-30T01:38:27+05:00] Update 12.7.7 installed from update_eb1682ad97f36a31.zip
[2026-08-30T01:49:11+05:00] Created pre_update backup ShahkotPK_20260830_014904_pre_update_v12.7.7_2bbb9dc1.zip for v12.7.7
[2026-08-30T01:53:00+05:00] Created pre_update backup ShahkotPK_20260830_015253_pre_update_v12.7.7_47ad686b.zip for v12.7.7
[2026-08-30T01:54:18+05:00] Created pre_update backup ShahkotPK_20260830_015410_pre_update_v12.7.7_07f7f51d.zip for v12.7.7
[2026-08-30T01:55:53+05:00] Created pre_update backup ShahkotPK_20260830_015545_pre_update_v12.7.7_695c7533.zip for v12.7.7
[2026-08-30T01:56:50+05:00]  Automatic rollback failed: Database restore failed: SQLSTATE[23000]: Integrity constraint violation: 1062 Duplicate entry 'live_portal_enabled' for key 'setting_key'
[2026-08-30T01:56:58+05:00] Created pre_update backup ShahkotPK_20260830_015650_pre_update_v12.7.7_7a657b1a.zip for v12.7.7
[2026-08-30T02:01:44+05:00] Created pre_update backup ShahkotPK_20260830_020137_pre_update_v12.7.7_2a17438f.zip for v12.7.7
[2026-08-30T02:03:41+05:00] Created pre_update backup ShahkotPK_20260830_020333_pre_update_v12.7.7_d57ad6e5.zip for v12.7.7
[2026-08-30T02:05:34+05:00] Created pre_update backup ShahkotPK_20260830_020527_pre_update_v12.7.7_87db07df.zip for v12.7.7
[2026-08-30T02:05:34+05:00] Update 12.7.8 installed from update_2f8a6f8e366a1c6e.zip
[2026-08-30T02:06:35+05:00] Created pre_update backup ShahkotPK_20260830_020628_pre_update_v12.7.8_87883095.zip for v12.7.8
[2026-08-30T02:08:49+05:00] Created pre_update backup ShahkotPK_20260830_020842_pre_update_v12.7.8_ed941071.zip for v12.7.8
[2026-08-30T02:08:50+05:00] Update 12.7.9 installed from update_ef7441899886c68b.zip
[2026-08-30T02:18:35+05:00] Created pre_update backup ShahkotPK_20260830_021827_pre_update_v12.7.9_3de0d9b6.zip for v12.7.9
[2026-08-30T02:18:35+05:00] Update 12.8.0 installed from update_13c07b542a22d238.zip
[2026-08-30T02:24:16+05:00] Created pre_update backup ShahkotPK_20260830_022409_pre_update_v12.8.0_dbcea1f9.zip for v12.8.0
[2026-08-30T02:24:16+05:00] Update 12.8.1 installed from update_e568ad948ac5f127.zip
[2026-08-30T02:42:30+05:00] Created pre_update backup ShahkotPK_20260830_024223_pre_update_v12.8.1_8dd633da.zip for v12.8.1
[2026-08-30T02:42:30+05:00] Update 12.8.2 installed from update_be7db31fd3a1ae27.zip
[2026-08-30T02:54:30+05:00] Created pre_update backup ShahkotPK_20260830_025422_pre_update_v12.8.2_86120f0c.zip for v12.8.2
[2026-08-30T02:54:30+05:00] Update 12.8.3 installed from update_0ea8f0292adaf148.zip
[2026-08-30T03:01:19+05:00] Created pre_update backup ShahkotPK_20260830_030112_pre_update_v12.8.3_7f58b051.zip for v12.8.3
[2026-08-30T03:01:19+05:00] Update 12.8.4 installed from update_713650bfe11caa76.zip
[2026-08-30T03:27:22+05:00] Created pre_update backup ShahkotPK_20260830_032715_pre_update_v12.8.4_aa652648.zip for v12.8.4
[2026-08-30T03:27:23+05:00] Update 13.0.0 installed from update_c6bd16c73d928e6c.zip
[2026-08-30T03:39:12+05:00] Created manual_full backup ShahkotPK_20260830_033845_manual_full_v13.0.0_d79e828a.zip for v13.0.0
[2026-08-30T03:48:46+05:00] Created pre_update backup ShahkotPK_20260830_034838_pre_update_v13.0.0_1bf305e1.zip for v13.0.0
[2026-08-30T03:48:46+05:00] Update 13.0.1 installed from update_407f0ac907ace328.zip
[2026-08-30T04:03:53+05:00] Created pre_update backup ShahkotPK_20260830_040345_pre_update_v13.0.1_03cd2baf.zip for v13.0.1
[2026-08-30T04:03:53+05:00] Update 13.0.2 installed from update_454b7b160ec8bd1e.zip
[2026-08-30T04:12:34+05:00] Created pre_update backup ShahkotPK_20260830_041226_pre_update_v13.0.2_4bee973f.zip for v13.0.2
[2026-08-30T04:12:34+05:00] Update 13.0.2.1 installed from update_fdf4f69d5f75e73d.zip
[2026-08-30T12:49:21+05:00] Created pre_update backup ShahkotPK_20260830_124913_pre_update_v13.0.2.1_6570ce01.zip for v13.0.2.1
[2026-08-30T12:49:21+05:00] Update 13.0.2.2 installed from update_a242eb0a85324491.zip
[2026-08-30T12:59:32+05:00] Created pre_update backup ShahkotPK_20260830_125925_pre_update_v13.0.2.2_6b7bfbe7.zip for v13.0.2.2
[2026-08-30T12:59:32+05:00] Update 13.0.2.3 installed from update_d2147a842b53df3c.zip
[2026-08-30T13:18:26+05:00] Created pre_update backup ShahkotPK_20260830_131818_pre_update_v13.0.2.3_675fde02.zip for v13.0.2.3
[2026-08-30T13:18:26+05:00] Update 13.0.3 installed from update_d3a2c93af56950d0.zip
[2026-08-30T13:54:38+05:00] Created pre_update backup ShahkotPK_20260830_135430_pre_update_v13.0.3_feb50c06.zip for v13.0.3
[2026-08-30T13:54:38+05:00] Update 13.0.3.1 installed from update_e0bdf8eca570863e.zip
[2026-08-30T14:08:33+05:00] Created pre_update backup ShahkotPK_20260830_140825_pre_update_v13.0.3.1_582efb76.zip for v13.0.3.1
[2026-08-30T14:08:33+05:00] Update 13.0.3.2 installed from update_86169c3336bca87d.zip
[2026-08-30T14:21:43+05:00] Created pre_update backup ShahkotPK_20260830_142135_pre_update_v13.0.3.2_7029b133.zip for v13.0.3.2
[2026-08-30T14:21:43+05:00] Update 13.0.3.3 installed from update_2cbb3a35a2b6cdc0.zip
[2026-08-30T14:46:20+05:00] Created pre_update backup ShahkotPK_20260830_144612_pre_update_v13.0.3.3_2e0ca8d6.zip for v13.0.3.3
[2026-08-30T14:46:20+05:00] Update 13.0.3.4 installed from update_25ab79697b56069b.zip
[2026-08-30T14:54:33+05:00] Created pre_update backup ShahkotPK_20260830_145425_pre_update_v13.0.3.4_0d47da7e.zip for v13.0.3.4
[2026-08-30T14:54:33+05:00] Update 13.0.4.0 installed from update_63a0931cece63e0a.zip
[2026-08-30T15:08:46+05:00] Created pre_update backup ShahkotPK_20260830_150838_pre_update_v13.0.4.0_63f6e0d3.zip for v13.0.4.0
[2026-08-30T15:08:46+05:00] Update 13.0.5.0 installed from update_4e5d2a98c937115a.zip
[2026-08-30T15:22:20+05:00] Created pre_update backup ShahkotPK_20260830_152212_pre_update_v13.0.5.0_09807a69.zip for v13.0.5.0
[2026-08-30T15:22:20+05:00] Update 13.0.5.1 installed from update_28f6d8a531879b7c.zip
[2026-08-30T15:36:10+05:00] Created pre_update backup ShahkotPK_20260830_153602_pre_update_v13.0.5.1_172a775b.zip for v13.0.5.1
[2026-08-30T15:36:10+05:00] Update 13.0.6.0 installed from update_cd85b13909ddb4ed.zip
[2026-08-30T15:45:52+05:00] Created pre_update backup ShahkotPK_20260830_154544_pre_update_v13.0.6.0_b5c6c264.zip for v13.0.6.0
[2026-08-30T15:45:52+05:00] Update 13.0.7.0 installed from update_f7bc3375ddafb29e.zip
[2026-08-30T15:50:06+05:00] Created pre_update backup ShahkotPK_20260830_154958_pre_update_v13.0.7.0_5b0cdef0.zip for v13.0.7.0
[2026-08-30T15:50:06+05:00] Update 13.0.8.0 installed from update_b287832c89494abc.zip
[2026-08-30T16:23:22+05:00] Created pre_update backup ShahkotPK_20260830_162314_pre_update_v13.0.8.0_d9b0573c.zip for v13.0.8.0
[2026-08-30T16:23:22+05:00] Update 13.0.9.0 installed from update_f22e781c1fbb1b5e.zip
[2026-08-30T16:30:12+05:00] Created pre_update backup ShahkotPK_20260830_163003_pre_update_v13.0.9.0_66baa01d.zip for v13.0.9.0
[2026-08-30T16:30:12+05:00] Update 13.0.10.0 installed from update_f18926ceeed6c2dc.zip
[2026-08-30T16:37:29+05:00] Created pre_update backup ShahkotPK_20260830_163721_pre_update_v13.0.10.0_5e9ada44.zip for v13.0.10.0
[2026-08-30T16:37:29+05:00] Update 13.0.11.0 installed from update_1a5a305a4cd510d8.zip
[2026-08-30T16:42:56+05:00] Created pre_update backup ShahkotPK_20260830_164248_pre_update_v13.0.11.0_e4b84aed.zip for v13.0.11.0
[2026-08-30T16:42:56+05:00] Update 13.0.12.0 installed from update_9c1db03eff2f2b51.zip
[2026-08-30T16:48:40+05:00] Created pre_update backup ShahkotPK_20260830_164831_pre_update_v13.0.12.0_45c3dfe3.zip for v13.0.12.0
[2026-08-30T16:48:40+05:00] Update 13.0.13.0 installed from update_0aad69bf782bb3e5.zip
[2026-08-30T17:00:31+05:00] Created pre_update backup ShahkotPK_20260830_170023_pre_update_v13.0.13.0_1b54de57.zip for v13.0.13.0
[2026-08-30T17:00:32+05:00] Update 13.0.14.0 installed from update_be24fb653012b9b5.zip
[2026-08-30T17:06:36+05:00] Created pre_update backup ShahkotPK_20260830_170627_pre_update_v13.0.14.0_9216a515.zip for v13.0.14.0
[2026-08-30T17:06:37+05:00] Update 13.0.15.0 installed from update_b0204ecca7ec7c9a.zip
[2026-08-30T17:31:53+05:00] Created pre_update backup ShahkotPK_20260830_173144_pre_update_v13.0.15.0_6c334ef7.zip for v13.0.15.0
[2026-08-30T17:31:53+05:00] Update 13.0.15.1 installed from update_9a39b159fec579f6.zip
[2026-08-30T17:52:47+05:00] Created pre_update backup ShahkotPK_20260830_175239_pre_update_v13.0.15.1_e1e66c51.zip for v13.0.15.1
[2026-08-30T17:52:48+05:00] Update 13.0.15.2 installed from update_6742b11d8c67b91e.zip
[2026-08-30T18:11:44+05:00] Created pre_update backup ShahkotPK_20260830_181135_pre_update_v13.0.15.2_850645f1.zip for v13.0.15.2
[2026-08-30T18:11:44+05:00] Update 13.1.0 installed from update_763ec66d430f9a61.zip
[2026-08-30T18:18:22+05:00] Created pre_update backup ShahkotPK_20260830_181813_pre_update_v13.1.0_2eeb525d.zip for v13.1.0
[2026-08-30T18:18:22+05:00] Update 13.1.1 installed from update_bca3fb510151a8b7.zip
[2026-08-30T18:24:56+05:00] Created pre_update backup ShahkotPK_20260830_182447_pre_update_v13.1.1_3d79053a.zip for v13.1.1
[2026-08-30T18:24:56+05:00] Update 13.1.2 installed from update_f1a2906ca77cbf0c.zip
[2026-08-30T18:32:40+05:00] Created pre_update backup ShahkotPK_20260830_183231_pre_update_v13.1.2_376ba697.zip for v13.1.2
[2026-08-30T18:32:40+05:00] Update 13.1.3 installed from update_42172ede12af7416.zip
[2026-08-30T19:03:24+05:00] Created pre_update backup ShahkotPK_20260830_190315_pre_update_v13.1.3_3c063180.zip for v13.1.3
[2026-08-30T19:03:24+05:00] Update 13.1.4 installed from update_d26b140787ab896f.zip
[2026-08-30T21:05:54+05:00] Created pre_update backup ShahkotPK_20260830_210545_pre_update_v13.1.4_47095f2a.zip for v13.1.4
[2026-08-30T21:05:54+05:00] Update 13.2.0 installed from update_1d9777daee68b6d0.zip
[2026-08-30T21:46:33+05:00] Created pre_update backup ShahkotPK_20260830_214624_pre_update_v13.2.0_2805bc0f.zip for v13.2.0
[2026-08-30T21:46:33+05:00] Update 13.3.0 installed from update_a84d99d587d738e8.zip
[2026-08-30T21:52:22+05:00] Created pre_update backup ShahkotPK_20260830_215213_pre_update_v13.3.0_211581e0.zip for v13.3.0
[2026-08-30T21:52:22+05:00] Update 13.3.1 installed from update_2f760193eeffb5a9.zip
[2026-08-30T22:02:01+05:00] Created pre_update backup ShahkotPK_20260830_220152_pre_update_v13.3.1_12528b0a.zip for v13.3.1
[2026-08-30T22:02:02+05:00] Update 13.3.2 installed from update_ca78989acf063454.zip
[2026-08-30T22:14:45+05:00] Created pre_update backup ShahkotPK_20260830_221436_pre_update_v13.3.2_f5a64155.zip for v13.3.2
[2026-08-30T22:14:45+05:00] Update 13.3.3 installed from update_a6f6faee9e3b2df4.zip
[2026-08-30T23:29:06+05:00] Created pre_update backup ShahkotPK_20260830_232857_pre_update_v13.3.3_7faf622d.zip for v13.3.3
[2026-08-30T23:29:06+05:00] Update 13.3.4 installed from update_d65648c072644ad1.zip
[2026-08-30T23:39:02+05:00] Created pre_update backup ShahkotPK_20260830_233853_pre_update_v13.3.4_f357cddc.zip for v13.3.4
[2026-08-30T23:39:02+05:00] Update 13.3.5 installed from update_497f5ae537e2a0cc.zip
[2026-08-30T23:46:15+05:00] Created pre_update backup ShahkotPK_20260830_234606_pre_update_v13.3.5_791e26c9.zip for v13.3.5
[2026-08-30T23:46:15+05:00] Update 13.3.6 installed from update_8b955d23e0e00cb1.zip
[2026-08-31T00:04:55+05:00] Created pre_update backup ShahkotPK_20260831_000446_pre_update_v13.3.6_53f9f980.zip for v13.3.6
[2026-08-31T00:04:55+05:00] Update 13.4.0 installed from update_ba47b29eb80474d0.zip
[2026-08-31T00:11:12+05:00] Created pre_update backup ShahkotPK_20260831_001103_pre_update_v13.4.0_d7064395.zip for v13.4.0
[2026-08-31T00:11:12+05:00] Update 13.5.0 installed from update_bd2e9b1bf02b0438.zip
[2026-08-31T00:24:38+05:00] Created pre_update backup ShahkotPK_20260831_002428_pre_update_v13.5.0_8b128688.zip for v13.5.0
[2026-08-31T00:24:39+05:00] Update 13.6.0 installed from update_34e1d676ae92fc4c.zip
[2026-08-31T00:39:50+05:00] Created pre_update backup ShahkotPK_20260831_003941_pre_update_v13.6.0_1121da55.zip for v13.6.0
[2026-08-31T00:39:51+05:00] Update 13.7.0 installed from update_d6bc3b062e48fb5a.zip
[2026-08-31T01:04:16+05:00] Created pre_update backup ShahkotPK_20260831_010406_pre_update_v13.7.0_7a00163e.zip for v13.7.0
[2026-08-31T01:04:17+05:00] Update 13.8.0 installed from update_6e8daf8aad4a8f63.zip
[2026-08-31T01:07:43+05:00] Created pre_update backup ShahkotPK_20260831_010733_pre_update_v13.8.0_e2305997.zip for v13.8.0
[2026-08-31T01:07:43+05:00] Update 13.8.1 installed from update_932a045b293c7720.zip
[2026-08-31T01:17:00+05:00] Created pre_update backup ShahkotPK_20260831_011650_pre_update_v13.8.1_611f0ad7.zip for v13.8.1
[2026-08-31T01:17:00+05:00] Update 13.8.2 installed from update_898b53e6b5fbbaf6.zip
[2026-08-31T01:24:00+05:00] Created manual_full backup ShahkotPK_20260831_012331_manual_full_v13.8.2_db673c8e.zip for v13.8.2
[2026-08-31T14:07:38+05:00] Created pre_update backup ShahkotPK_20260831_140709_pre_update_v13.8.2_06d57195.zip for v13.8.2
[2026-08-31T14:07:38+05:00] Update 13.8.3 installed from update_fb34f316f50730b9.zip
[2026-08-31T14:15:59+05:00] Created pre_update backup ShahkotPK_20260831_141549_pre_update_v13.8.3_03edf675.zip for v13.8.3
[2026-08-31T14:15:59+05:00] Update 13.8.4 installed from update_7aa664d600c73a00.zip
[2026-08-31T14:42:34+05:00] Created pre_update backup ShahkotPK_20260831_144224_pre_update_v13.8.4_73dc20f6.zip for v13.8.4
[2026-08-31T14:42:34+05:00] Update 13.8.5 installed from update_405e260152fb1a66.zip
[2026-08-31T21:48:49+05:00] Created pre_update backup ShahkotPK_20260831_214839_pre_update_v13.8.5_8915dc6a.zip for v13.8.5
[2026-08-31T21:48:49+05:00] Update 13.9.0 installed from update_52ed353c1a85dd49.zip
[2026-08-31T21:58:17+05:00] Created pre_update backup ShahkotPK_20260831_215807_pre_update_v13.9.0_ab698fa5.zip for v13.9.0
[2026-08-31T21:58:17+05:00] Update 13.9.1 installed from update_506703a0f6455a41.zip
[2026-08-31T22:08:25+05:00] Created pre_update backup ShahkotPK_20260831_220815_pre_update_v13.9.1_12819a2e.zip for v13.9.1
[2026-08-31T22:08:25+05:00] Update 13.9.2 installed from update_fed903ed0e3fc700.zip
[2026-08-31T22:30:46+05:00] Created pre_update backup ShahkotPK_20260831_223036_pre_update_v13.9.2_08adcd9f.zip for v13.9.2
[2026-08-31T22:30:46+05:00] Update 13.9.3 installed from update_60815f1999f68ae4.zip
[2026-08-31T22:42:06+05:00] Created manual_full backup ShahkotPK_20260831_224135_manual_full_v13.9.3_7486377a.zip for v13.9.3
[2026-09-01T21:51:12+05:00] Created pre_update backup ShahkotPK_20260901_215056_pre_update_v13.9.3_e9759e48.zip for v13.9.3
[2026-09-01T21:51:12+05:00] Update 13.9.4 installed from update_b201e8e09b4a0d5c.zip
[2026-09-01T22:01:10+05:00] Created pre_update backup ShahkotPK_20260901_220100_pre_update_v13.9.4_a737ba62.zip for v13.9.4
[2026-09-01T22:01:10+05:00] Update 13.9.5 installed from update_845d3b3afa86e249.zip
[2026-09-01T22:04:03+05:00] Created pre_restore backup ShahkotPK_20260901_220332_pre_restore_v13.9.5_cc727e06.zip for v13.9.5
[2026-09-01T22:06:01+05:00] Created pre_restore backup ShahkotPK_20260901_220551_pre_restore_v13.9.5_65f655b5.zip for v13.9.5
[2026-09-01T22:08:40+05:00] Restored system from ShahkotPK_20260831_224135_manual_full_v13.9.3_7486377a.zip to v13.9.3
[2026-09-01T22:12:07+05:00] Created pre_restore backup ShahkotPK_20260901_221156_pre_restore_v13.9.3_28176ca3.zip for v13.9.3
[2026-09-01T22:40:06+05:00] Created manual_full backup ShahkotPK_20260901_223938_manual_full_v13.8.5_40ba4eec.zip for v13.8.5
[2026-09-01T22:50:15+05:00] Created pre_update backup ShahkotPK_20260901_225005_pre_update_v13.8.5_561667af.zip for v13.8.5
[2026-09-01T22:50:15+05:00] Update 13.8.6 installed from update_035fcb6997745bc3.zip
[2026-09-01T23:06:46+05:00] Created pre_update backup ShahkotPK_20260901_230637_pre_update_v13.8.6_b505faed.zip for v13.8.6
[2026-09-01T23:06:46+05:00] Update 13.8.7 installed from update_ab84b9e8c81acf06.zip
[2026-09-01T23:15:52+05:00] Created pre_update backup ShahkotPK_20260901_231542_pre_update_v13.8.7_4561f62e.zip for v13.8.7
[2026-09-01T23:15:53+05:00] Update 13.8.8 installed from update_029365f2b7e21985.zip
[2026-09-01T23:23:17+05:00] Created pre_update backup ShahkotPK_20260901_232307_pre_update_v13.8.8_f9ac763a.zip for v13.8.8
[2026-09-01T23:23:17+05:00] Update 13.8.9 installed from update_2406cc998de2c0f0.zip
[2026-09-01T23:26:47+05:00] Created pre_update backup ShahkotPK_20260901_232637_pre_update_v13.8.9_01ac72c6.zip for v13.8.9
[2026-09-01T23:26:47+05:00] Update 13.9.0 installed from update_2423ead46089860a.zip
[2026-09-01T23:41:19+05:00] Created pre_update backup ShahkotPK_20260901_234109_pre_update_v13.9.0_bb479531.zip for v13.9.0
[2026-09-01T23:41:19+05:00] Update 13.9.1 installed from update_09cbe1ba7d5d0713.zip
[2026-09-01T23:48:12+05:00] Created pre_update backup ShahkotPK_20260901_234802_pre_update_v13.9.1_7a704f96.zip for v13.9.1
[2026-09-01T23:48:13+05:00] Update 13.9.2 installed from update_f2b9a8b160cb4036.zip
[2026-09-27T20:15:58+05:00] Created pre_update backup ShahkotPK_20260927_201534_pre_update_v13.8.5_5013f9c5.zip for v13.8.5
[2026-09-27T20:15:58+05:00] Update 13.8.6 installed from demo_update3.zip
